C:\Users\DELL\Downloads\job-tracker\job-tracker\src\main\java\com\example\job_tracker\JobTrackerApplication.java
C:\Users\DELL\Downloads\job-tracker\job-tracker\src\main\java\config\WebSecurityConfig.java
C:\Users\DELL\Downloads\job-tracker\job-tracker\src\main\java\controller\AuthController.java
C:\Users\DELL\Downloads\job-tracker\job-tracker\src\main\java\controller\JobApplicationController.java
C:\Users\DELL\Downloads\job-tracker\job-tracker\src\main\java\filter\JwtRequestFilter.java
C:\Users\DELL\Downloads\job-tracker\job-tracker\src\main\java\model\JobApplication.java
C:\Users\DELL\Downloads\job-tracker\job-tracker\src\main\java\model\User.java
C:\Users\DELL\Downloads\job-tracker\job-tracker\src\main\java\repository\JobApplicationRepository.java
C:\Users\DELL\Downloads\job-tracker\job-tracker\src\main\java\repository\UserRepository.java
C:\Users\DELL\Downloads\job-tracker\job-tracker\src\main\java\service\JobApplication.java
C:\Users\DELL\Downloads\job-tracker\job-tracker\src\main\java\service\jobApplicationRepository.java
C:\Users\DELL\Downloads\job-tracker\job-tracker\src\main\java\service\JobApplicationService.java
C:\Users\DELL\Downloads\job-tracker\job-tracker\src\main\java\service\UserService.java
C:\Users\DELL\Downloads\job-tracker\job-tracker\src\main\java\utils\JwtUtils.java
